// Jest Snapshot v1, https://goo.gl/fbAQLP

exports[`<HasManyHandle /> renders correctly 1`] = `
Object {
  "asFragment": [Function],
  "baseElement": <body>
    <div>
      <div
        class="w-6 h-6 absolute -bottom-3 left-1/2 bg-slate-700 rounded-full -translate-x-1/2"
      >
        <svg
          class="w-6 h-6"
          viewBox="0 0 200 200"
        >
          <path
            class="fill-slate-50"
            d="M 100,0 0,144.9335 V 200 H 17.807516 L 84.697214,66.2206 V 200 H 111.26569 L 110.92704,63.87718 173.53021,200 H 200 v -46.14664 z"
          />
        </svg>
        nodeId: 
        1
        id: 
        bottom2
        handleType: 
        has_many
      </div>
    </div>
  </body>,
  "container": <div>
    <div
      class="w-6 h-6 absolute -bottom-3 left-1/2 bg-slate-700 rounded-full -translate-x-1/2"
    >
      <svg
        class="w-6 h-6"
        viewBox="0 0 200 200"
      >
        <path
          class="fill-slate-50"
          d="M 100,0 0,144.9335 V 200 H 17.807516 L 84.697214,66.2206 V 200 H 111.26569 L 110.92704,63.87718 173.53021,200 H 200 v -46.14664 z"
        />
      </svg>
      nodeId: 
      1
      id: 
      bottom2
      handleType: 
      has_many
    </div>
  </div>,
  "debug": [Function],
  "findAllByAltText": [Function],
  "findAllByDisplayValue": [Function],
  "findAllByLabelText": [Function],
  "findAllByPlaceholderText": [Function],
  "findAllByRole": [Function],
  "findAllByTestId": [Function],
  "findAllByText": [Function],
  "findAllByTitle": [Function],
  "findByAltText": [Function],
  "findByDisplayValue": [Function],
  "findByLabelText": [Function],
  "findByPlaceholderText": [Function],
  "findByRole": [Function],
  "findByTestId": [Function],
  "findByText": [Function],
  "findByTitle": [Function],
  "getAllByAltText": [Function],
  "getAllByDisplayValue": [Function],
  "getAllByLabelText": [Function],
  "getAllByPlaceholderText": [Function],
  "getAllByRole": [Function],
  "getAllByTestId": [Function],
  "getAllByText": [Function],
  "getAllByTitle": [Function],
  "getByAltText": [Function],
  "getByDisplayValue": [Function],
  "getByLabelText": [Function],
  "getByPlaceholderText": [Function],
  "getByRole": [Function],
  "getByTestId": [Function],
  "getByText": [Function],
  "getByTitle": [Function],
  "queryAllByAltText": [Function],
  "queryAllByDisplayValue": [Function],
  "queryAllByLabelText": [Function],
  "queryAllByPlaceholderText": [Function],
  "queryAllByRole": [Function],
  "queryAllByTestId": [Function],
  "queryAllByText": [Function],
  "queryAllByTitle": [Function],
  "queryByAltText": [Function],
  "queryByDisplayValue": [Function],
  "queryByLabelText": [Function],
  "queryByPlaceholderText": [Function],
  "queryByRole": [Function],
  "queryByTestId": [Function],
  "queryByText": [Function],
  "queryByTitle": [Function],
  "rerender": [Function],
  "unmount": [Function],
}
`;
