// Jest Snapshot v1, https://goo.gl/fbAQLP

exports[`<ThroughHandle /> renders correctly 1`] = `
Object {
  "asFragment": [Function],
  "baseElement": <body>
    <div>
      <div
        class="w-6 h-6 absolute left-3/4 bg-slate-700 rounded-full -translate-x-1/2 flex justify-center items-center"
      >
        <svg
          class="stroke-[40] stroke-slate-50 w-3 h-3 "
          viewBox="0 0 200 200"
          xmlns="http://www.w3.org/2000/svg"
        >
          <path
            d="M 100,20 V 40"
          />
          <path
            d="m 100,160 v 20"
          />
          <path
            d="m 100,90 v 20"
          />
        </svg>
        nodeId: 
        1
        id: 
        bottom3
        handleType: 
        through
      </div>
    </div>
  </body>,
  "container": <div>
    <div
      class="w-6 h-6 absolute left-3/4 bg-slate-700 rounded-full -translate-x-1/2 flex justify-center items-center"
    >
      <svg
        class="stroke-[40] stroke-slate-50 w-3 h-3 "
        viewBox="0 0 200 200"
        xmlns="http://www.w3.org/2000/svg"
      >
        <path
          d="M 100,20 V 40"
        />
        <path
          d="m 100,160 v 20"
        />
        <path
          d="m 100,90 v 20"
        />
      </svg>
      nodeId: 
      1
      id: 
      bottom3
      handleType: 
      through
    </div>
  </div>,
  "debug": [Function],
  "findAllByAltText": [Function],
  "findAllByDisplayValue": [Function],
  "findAllByLabelText": [Function],
  "findAllByPlaceholderText": [Function],
  "findAllByRole": [Function],
  "findAllByTestId": [Function],
  "findAllByText": [Function],
  "findAllByTitle": [Function],
  "findByAltText": [Function],
  "findByDisplayValue": [Function],
  "findByLabelText": [Function],
  "findByPlaceholderText": [Function],
  "findByRole": [Function],
  "findByTestId": [Function],
  "findByText": [Function],
  "findByTitle": [Function],
  "getAllByAltText": [Function],
  "getAllByDisplayValue": [Function],
  "getAllByLabelText": [Function],
  "getAllByPlaceholderText": [Function],
  "getAllByRole": [Function],
  "getAllByTestId": [Function],
  "getAllByText": [Function],
  "getAllByTitle": [Function],
  "getByAltText": [Function],
  "getByDisplayValue": [Function],
  "getByLabelText": [Function],
  "getByPlaceholderText": [Function],
  "getByRole": [Function],
  "getByTestId": [Function],
  "getByText": [Function],
  "getByTitle": [Function],
  "queryAllByAltText": [Function],
  "queryAllByDisplayValue": [Function],
  "queryAllByLabelText": [Function],
  "queryAllByPlaceholderText": [Function],
  "queryAllByRole": [Function],
  "queryAllByTestId": [Function],
  "queryAllByText": [Function],
  "queryAllByTitle": [Function],
  "queryByAltText": [Function],
  "queryByDisplayValue": [Function],
  "queryByLabelText": [Function],
  "queryByPlaceholderText": [Function],
  "queryByRole": [Function],
  "queryByTestId": [Function],
  "queryByText": [Function],
  "queryByTitle": [Function],
  "rerender": [Function],
  "unmount": [Function],
}
`;
