// Jest Snapshot v1, https://goo.gl/fbAQLP

exports[`<AttributeTypeOptions /> renders correctly 1`] = `
Object {
  "asFragment": [Function],
  "baseElement": <body>
    <div>
      <select
        class="w-full"
      >
        <option
          value="primary_key"
        >
          primary_key
        </option>
        <option
          value="string"
        >
          string
        </option>
        <option
          value="text"
        >
          text
        </option>
        <option
          value="integer"
        >
          integer
        </option>
        <option
          value="float"
        >
          float
        </option>
        <option
          value="decimal"
        >
          decimal
        </option>
        <option
          value="datetime"
        >
          datetime
        </option>
        <option
          value="timestamp"
        >
          timestamp
        </option>
        <option
          value="time"
        >
          time
        </option>
        <option
          value="date"
        >
          date
        </option>
        <option
          value="binary"
        >
          binary
        </option>
        <option
          value="boolean"
        >
          boolean
        </option>
        <option
          value="references"
        >
          references
        </option>
      </select>
    </div>
  </body>,
  "container": <div>
    <select
      class="w-full"
    >
      <option
        value="primary_key"
      >
        primary_key
      </option>
      <option
        value="string"
      >
        string
      </option>
      <option
        value="text"
      >
        text
      </option>
      <option
        value="integer"
      >
        integer
      </option>
      <option
        value="float"
      >
        float
      </option>
      <option
        value="decimal"
      >
        decimal
      </option>
      <option
        value="datetime"
      >
        datetime
      </option>
      <option
        value="timestamp"
      >
        timestamp
      </option>
      <option
        value="time"
      >
        time
      </option>
      <option
        value="date"
      >
        date
      </option>
      <option
        value="binary"
      >
        binary
      </option>
      <option
        value="boolean"
      >
        boolean
      </option>
      <option
        value="references"
      >
        references
      </option>
    </select>
  </div>,
  "debug": [Function],
  "findAllByAltText": [Function],
  "findAllByDisplayValue": [Function],
  "findAllByLabelText": [Function],
  "findAllByPlaceholderText": [Function],
  "findAllByRole": [Function],
  "findAllByTestId": [Function],
  "findAllByText": [Function],
  "findAllByTitle": [Function],
  "findByAltText": [Function],
  "findByDisplayValue": [Function],
  "findByLabelText": [Function],
  "findByPlaceholderText": [Function],
  "findByRole": [Function],
  "findByTestId": [Function],
  "findByText": [Function],
  "findByTitle": [Function],
  "getAllByAltText": [Function],
  "getAllByDisplayValue": [Function],
  "getAllByLabelText": [Function],
  "getAllByPlaceholderText": [Function],
  "getAllByRole": [Function],
  "getAllByTestId": [Function],
  "getAllByText": [Function],
  "getAllByTitle": [Function],
  "getByAltText": [Function],
  "getByDisplayValue": [Function],
  "getByLabelText": [Function],
  "getByPlaceholderText": [Function],
  "getByRole": [Function],
  "getByTestId": [Function],
  "getByText": [Function],
  "getByTitle": [Function],
  "queryAllByAltText": [Function],
  "queryAllByDisplayValue": [Function],
  "queryAllByLabelText": [Function],
  "queryAllByPlaceholderText": [Function],
  "queryAllByRole": [Function],
  "queryAllByTestId": [Function],
  "queryAllByText": [Function],
  "queryAllByTitle": [Function],
  "queryByAltText": [Function],
  "queryByDisplayValue": [Function],
  "queryByLabelText": [Function],
  "queryByPlaceholderText": [Function],
  "queryByRole": [Function],
  "queryByTestId": [Function],
  "queryByText": [Function],
  "queryByTitle": [Function],
  "rerender": [Function],
  "unmount": [Function],
}
`;
