// Jest Snapshot v1, https://goo.gl/fbAQLP

exports[`<MainColorDropdown /> renders correctly 1`] = `
Object {
  "asFragment": [Function],
  "baseElement": <body>
    <div>
      <div
        class="w-64 relative  whitespace-nowrap"
      >
        <div
          class="truncate p-2 rounded-md capitalize custom-select-button"
        >
          Main Color: 
          sky
        </div>
        <select
          class="hidden absolute left-0 top-full w-full custom-select-options"
          size="1"
          title="Select a main color"
        >
          <option
            class="p-2 truncate capitalize"
            title="sky"
            value="sky"
          >
            sky
          </option>
        </select>
      </div>
    </div>
  </body>,
  "container": <div>
    <div
      class="w-64 relative  whitespace-nowrap"
    >
      <div
        class="truncate p-2 rounded-md capitalize custom-select-button"
      >
        Main Color: 
        sky
      </div>
      <select
        class="hidden absolute left-0 top-full w-full custom-select-options"
        size="1"
        title="Select a main color"
      >
        <option
          class="p-2 truncate capitalize"
          title="sky"
          value="sky"
        >
          sky
        </option>
      </select>
    </div>
  </div>,
  "debug": [Function],
  "findAllByAltText": [Function],
  "findAllByDisplayValue": [Function],
  "findAllByLabelText": [Function],
  "findAllByPlaceholderText": [Function],
  "findAllByRole": [Function],
  "findAllByTestId": [Function],
  "findAllByText": [Function],
  "findAllByTitle": [Function],
  "findByAltText": [Function],
  "findByDisplayValue": [Function],
  "findByLabelText": [Function],
  "findByPlaceholderText": [Function],
  "findByRole": [Function],
  "findByTestId": [Function],
  "findByText": [Function],
  "findByTitle": [Function],
  "getAllByAltText": [Function],
  "getAllByDisplayValue": [Function],
  "getAllByLabelText": [Function],
  "getAllByPlaceholderText": [Function],
  "getAllByRole": [Function],
  "getAllByTestId": [Function],
  "getAllByText": [Function],
  "getAllByTitle": [Function],
  "getByAltText": [Function],
  "getByDisplayValue": [Function],
  "getByLabelText": [Function],
  "getByPlaceholderText": [Function],
  "getByRole": [Function],
  "getByTestId": [Function],
  "getByText": [Function],
  "getByTitle": [Function],
  "queryAllByAltText": [Function],
  "queryAllByDisplayValue": [Function],
  "queryAllByLabelText": [Function],
  "queryAllByPlaceholderText": [Function],
  "queryAllByRole": [Function],
  "queryAllByTestId": [Function],
  "queryAllByText": [Function],
  "queryAllByTitle": [Function],
  "queryByAltText": [Function],
  "queryByDisplayValue": [Function],
  "queryByLabelText": [Function],
  "queryByPlaceholderText": [Function],
  "queryByRole": [Function],
  "queryByTestId": [Function],
  "queryByText": [Function],
  "queryByTitle": [Function],
  "rerender": [Function],
  "unmount": [Function],
}
`;
