// Jest Snapshot v1, https://goo.gl/fbAQLP

exports[`<Trash /> renders correctly 1`] = `
Object {
  "asFragment": [Function],
  "baseElement": <body>
    <div>
      <svg
        class="fill-transparent stroke-first-400 dark:stroke-first-500"
        viewBox="0 0 200 200"
        xmlns="http://www.w3.org/2000/svg"
      >
        <path
          d="M 35,50 50,180 H 150 L 165,50"
          style="stroke-linecap: round; stroke-linejoin: round;"
        />
        <path
          d="m 20,50 160,0"
          style="stroke-linecap: round; stroke-linejoin: round;"
        />
        <path
          d="M 70,40 80,20 h 40 l 10,20"
          style="stroke-linecap: round; stroke-linejoin: round;"
        />
      </svg>
    </div>
  </body>,
  "container": <div>
    <svg
      class="fill-transparent stroke-first-400 dark:stroke-first-500"
      viewBox="0 0 200 200"
      xmlns="http://www.w3.org/2000/svg"
    >
      <path
        d="M 35,50 50,180 H 150 L 165,50"
        style="stroke-linecap: round; stroke-linejoin: round;"
      />
      <path
        d="m 20,50 160,0"
        style="stroke-linecap: round; stroke-linejoin: round;"
      />
      <path
        d="M 70,40 80,20 h 40 l 10,20"
        style="stroke-linecap: round; stroke-linejoin: round;"
      />
    </svg>
  </div>,
  "debug": [Function],
  "findAllByAltText": [Function],
  "findAllByDisplayValue": [Function],
  "findAllByLabelText": [Function],
  "findAllByPlaceholderText": [Function],
  "findAllByRole": [Function],
  "findAllByTestId": [Function],
  "findAllByText": [Function],
  "findAllByTitle": [Function],
  "findByAltText": [Function],
  "findByDisplayValue": [Function],
  "findByLabelText": [Function],
  "findByPlaceholderText": [Function],
  "findByRole": [Function],
  "findByTestId": [Function],
  "findByText": [Function],
  "findByTitle": [Function],
  "getAllByAltText": [Function],
  "getAllByDisplayValue": [Function],
  "getAllByLabelText": [Function],
  "getAllByPlaceholderText": [Function],
  "getAllByRole": [Function],
  "getAllByTestId": [Function],
  "getAllByText": [Function],
  "getAllByTitle": [Function],
  "getByAltText": [Function],
  "getByDisplayValue": [Function],
  "getByLabelText": [Function],
  "getByPlaceholderText": [Function],
  "getByRole": [Function],
  "getByTestId": [Function],
  "getByText": [Function],
  "getByTitle": [Function],
  "queryAllByAltText": [Function],
  "queryAllByDisplayValue": [Function],
  "queryAllByLabelText": [Function],
  "queryAllByPlaceholderText": [Function],
  "queryAllByRole": [Function],
  "queryAllByTestId": [Function],
  "queryAllByText": [Function],
  "queryAllByTitle": [Function],
  "queryByAltText": [Function],
  "queryByDisplayValue": [Function],
  "queryByLabelText": [Function],
  "queryByPlaceholderText": [Function],
  "queryByRole": [Function],
  "queryByTestId": [Function],
  "queryByText": [Function],
  "queryByTitle": [Function],
  "rerender": [Function],
  "unmount": [Function],
}
`;
